------------------------------------------------------------
Timing Analyzer Summary
------------------------------------------------------------

Type  : Slow 1100mV 85C Model Setup 'KEY[0]'
Slack : -11.303
TNS   : -19091.590

Type  : Slow 1100mV 85C Model Hold 'KEY[0]'
Slack : 0.869
TNS   : 0.000

Type  : Slow 1100mV 85C Model Minimum Pulse Width 'KEY[0]'
Slack : -0.638
TNS   : -2470.032

Type  : Slow 1100mV 0C Model Setup 'KEY[0]'
Slack : -11.139
TNS   : -18419.882

Type  : Slow 1100mV 0C Model Hold 'KEY[0]'
Slack : 0.804
TNS   : 0.000

Type  : Slow 1100mV 0C Model Minimum Pulse Width 'KEY[0]'
Slack : -0.556
TNS   : -2321.096

Type  : Fast 1100mV 85C Model Setup 'KEY[0]'
Slack : -5.490
TNS   : -8712.266

Type  : Fast 1100mV 85C Model Hold 'KEY[0]'
Slack : 0.417
TNS   : 0.000

Type  : Fast 1100mV 85C Model Minimum Pulse Width 'KEY[0]'
Slack : -0.673
TNS   : -2106.092

Type  : Fast 1100mV 0C Model Setup 'KEY[0]'
Slack : -4.849
TNS   : -7571.737

Type  : Fast 1100mV 0C Model Hold 'KEY[0]'
Slack : 0.380
TNS   : 0.000

Type  : Fast 1100mV 0C Model Minimum Pulse Width 'KEY[0]'
Slack : -0.672
TNS   : -2137.396

------------------------------------------------------------
