------------------------------------------------------------
Timing Analyzer Summary
------------------------------------------------------------

Type  : Slow 1100mV 85C Model Setup 'KEY[0]'
Slack : -13.182
TNS   : -32706.032

Type  : Slow 1100mV 85C Model Setup 'CLOCK_50'
Slack : -2.671
TNS   : -2.671

Type  : Slow 1100mV 85C Model Hold 'CLOCK_50'
Slack : 0.639
TNS   : 0.000

Type  : Slow 1100mV 85C Model Hold 'KEY[0]'
Slack : 1.223
TNS   : 0.000

Type  : Slow 1100mV 85C Model Minimum Pulse Width 'CLOCK_50'
Slack : -0.728
TNS   : -1.266

Type  : Slow 1100mV 85C Model Minimum Pulse Width 'KEY[0]'
Slack : -0.577
TNS   : -2796.924

Type  : Slow 1100mV 0C Model Setup 'KEY[0]'
Slack : -12.956
TNS   : -31916.555

Type  : Slow 1100mV 0C Model Setup 'CLOCK_50'
Slack : -2.649
TNS   : -2.649

Type  : Slow 1100mV 0C Model Hold 'CLOCK_50'
Slack : 0.501
TNS   : 0.000

Type  : Slow 1100mV 0C Model Hold 'KEY[0]'
Slack : 1.202
TNS   : 0.000

Type  : Slow 1100mV 0C Model Minimum Pulse Width 'CLOCK_50'
Slack : -0.728
TNS   : -1.287

Type  : Slow 1100mV 0C Model Minimum Pulse Width 'KEY[0]'
Slack : -0.614
TNS   : -2945.634

Type  : Fast 1100mV 85C Model Setup 'KEY[0]'
Slack : -6.842
TNS   : -16416.280

Type  : Fast 1100mV 85C Model Setup 'CLOCK_50'
Slack : -2.107
TNS   : -2.107

Type  : Fast 1100mV 85C Model Hold 'CLOCK_50'
Slack : 0.214
TNS   : 0.000

Type  : Fast 1100mV 85C Model Hold 'KEY[0]'
Slack : 0.483
TNS   : 0.000

Type  : Fast 1100mV 85C Model Minimum Pulse Width 'CLOCK_50'
Slack : -0.769
TNS   : -1.353

Type  : Fast 1100mV 85C Model Minimum Pulse Width 'KEY[0]'
Slack : -0.655
TNS   : -2206.181

Type  : Fast 1100mV 0C Model Setup 'KEY[0]'
Slack : -6.048
TNS   : -14497.589

Type  : Fast 1100mV 0C Model Setup 'CLOCK_50'
Slack : -1.980
TNS   : -1.980

Type  : Fast 1100mV 0C Model Hold 'CLOCK_50'
Slack : 0.084
TNS   : 0.000

Type  : Fast 1100mV 0C Model Hold 'KEY[0]'
Slack : 0.443
TNS   : 0.000

Type  : Fast 1100mV 0C Model Minimum Pulse Width 'CLOCK_50'
Slack : -0.767
TNS   : -1.406

Type  : Fast 1100mV 0C Model Minimum Pulse Width 'KEY[0]'
Slack : -0.698
TNS   : -2619.379

------------------------------------------------------------
